<string>:14: SyntaxWarning: invalid escape sequence '\!'
<string>:32: SyntaxWarning: invalid escape sequence '\!'
Login failed: 401 - {"detail":"Incorrect username or password. 4 attempts remaining."}
